17:55:02.279Z network / profile      : preview (magic 2)
17:57:16.205Z recovery-trace: path=recovery_admit action=reset_and_refold reason=anchor_absent anchor_before=absent durable_tip=118886413/4528741/4dcce275 rollback_target=none anchor_after=absent
17:58:12.186Z epoch-accumulator: CROSSED boundary 1375 -> 1376 at slot 118886413 (mark from s_prev 118886384)
18:03:04.916Z recovery-trace: path=recovery_admit action=forward_fold reason=forward_fold_no_reset anchor_before=118886413/4528741/4dcce275 durable_tip=118972807/4531806/e133e8ad rollback_target=none anchor_after=118886413/4528741/4dcce275
18:18:05.980Z epoch-accumulator: CROSSED boundary 1376 -> 1377 at slot 118972807 (mark from s_prev 118972765)
18:22:01.236Z recovery-trace: path=recovery_admit action=forward_fold reason=forward_fold_no_reset anchor_before=118972807/4531806/e133e8ad durable_tip=119038886/4534169/bb62b40c rollback_target=none anchor_after=118972807/4531806/e133e8ad
18:34:20.852Z recovery-trace: path=recovery_admit action=forward_fold reason=forward_fold_no_reset anchor_before=119038886/4534169/bb62b40c durable_tip=119039623/4534201/c369bf0b rollback_target=none anchor_after=119038886/4534169/bb62b40c
18:34:53.436Z recovery-trace: path=recovery_admit action=forward_fold reason=forward_fold_no_reset anchor_before=119039623/4534201/c369bf0b durable_tip=119039688/4534202/ae0a0923 rollback_target=none anchor_after=119039623/4534201/c369bf0b
18:36:17.786Z recovery-trace: path=recovery_admit action=forward_fold reason=forward_fold_no_reset anchor_before=119039688/4534202/ae0a0923 durable_tip=119039772/4534203/e422595e rollback_target=none anchor_after=119039688/4534202/ae0a0923
18:37:32.595Z recovery-trace: path=recovery_admit action=forward_fold reason=forward_fold_no_reset anchor_before=119039772/4534203/e422595e durable_tip=119039847/4534204/037c4db7 rollback_target=none anchor_after=119039772/4534203/e422595e
18:37:40.876Z recovery-trace: path=recovery_admit action=forward_fold reason=forward_fold_no_reset anchor_before=119039847/4534204/037c4db7 durable_tip=119039855/4534205/f17f7b9f rollback_target=none anchor_after=119039847/4534204/037c4db7
18:37:55.646Z recovery-trace: path=recovery_admit action=forward_fold reason=forward_fold_no_reset anchor_before=119039855/4534205/f17f7b9f durable_tip=119039870/4534206/0f44be2a rollback_target=none anchor_after=119039855/4534205/f17f7b9f
18:37:59.334Z recovery-trace: path=recovery_admit action=forward_fold reason=forward_fold_no_reset anchor_before=119039870/4534206/0f44be2a durable_tip=119039873/4534207/e98682f7 rollback_target=none anchor_after=119039870/4534206/0f44be2a
18:38:29.823Z recovery-trace: path=rollback_admit action=reset_to_settled reason=rollback_admission anchor_before=119039873/4534207/e98682f7 durable_tip=119039907/4534208/d00a30ec rollback_target=119039873/4534207/e98682f7 anchor_after=absent
18:39:50.958Z recovery-trace: path=recovery_admit action=reset_and_refold reason=anchor_absent anchor_before=absent durable_tip=119039978/4534210/ddce5472 rollback_target=none anchor_after=absent
18:40:59.578Z epoch-accumulator: reduced checkpoint REWOUND onto boundary point 118886384 before sealing (it sat past it -- DC-EPOCH-32)
18:41:01.654Z epoch-accumulator: REFOLD re-crossed boundary 1375 -> 1376 at slot 118886413 (mark from s_prev 118886384) -- re-derived after a rollback reset; durable tip is already in epoch 1377, 153565 slots left to refold
18:58:00.096Z epoch-accumulator: CROSSED boundary 1376 -> 1377 at slot 118972807 (mark from s_prev 118972765)
19:12:00.711Z recovery-trace: path=recovery_admit action=forward_fold reason=forward_fold_no_reset anchor_before=119039978/4534210/ddce5472 durable_tip=119041873/4534267/ad8dd5d7 rollback_target=none anchor_after=119039978/4534210/ddce5472
19:12:21.549Z recovery-trace: path=recovery_admit action=forward_fold reason=forward_fold_no_reset anchor_before=119041873/4534267/ad8dd5d7 durable_tip=119041920/4534268/ed0e4ac3 rollback_target=none anchor_after=119041873/4534267/ad8dd5d7
19:12:57.013Z recovery-trace: path=recovery_admit action=forward_fold reason=forward_fold_no_reset anchor_before=119041920/4534268/ed0e4ac3 durable_tip=119041971/4534269/ad7e902e rollback_target=none anchor_after=119041920/4534268/ed0e4ac3
19:13:03.489Z recovery-trace: path=recovery_admit action=forward_fold reason=forward_fold_no_reset anchor_before=119041971/4534269/ad7e902e durable_tip=119041978/4534270/377fe953 rollback_target=none anchor_after=119041971/4534269/ad7e902e
19:13:51.145Z recovery-trace: path=recovery_admit action=forward_fold reason=forward_fold_no_reset anchor_before=119041978/4534270/377fe953 durable_tip=119042026/4534271/340b0bd4 rollback_target=none anchor_after=119041978/4534270/377fe953
19:14:39.954Z recovery-trace: path=recovery_admit action=forward_fold reason=forward_fold_no_reset anchor_before=119042026/4534271/340b0bd4 durable_tip=119042074/4534272/0003a7dd rollback_target=none anchor_after=119042026/4534271/340b0bd4
19:15:50.822Z recovery-trace: path=rollback_admit action=reset_to_bootstrap reason=rollback_admission anchor_before=119042074/4534272/0003a7dd durable_tip=119042148/4534273/8b4e1ef4 rollback_target=119042074/4534272/0003a7dd anchor_after=absent
19:17:13.292Z recovery-trace: path=recovery_admit action=reset_and_refold reason=anchor_absent anchor_before=absent durable_tip=119042209/4534276/bbef2f74 rollback_target=none anchor_after=absent
19:18:23.961Z epoch-accumulator: reduced checkpoint REWOUND onto boundary point 118886384 before sealing (it sat past it -- DC-EPOCH-32)
19:18:25.880Z epoch-accumulator: REFOLD re-crossed boundary 1375 -> 1376 at slot 118886413 (mark from s_prev 118886384) -- re-derived after a rollback reset; durable tip is already in epoch 1377, 155796 slots left to refold
